current directory: /home/marcofaga/gitproj/marcofaga.github.io/vendor/bundle/ruby/3.2.0/gems/json-2.10.2/ext/json/ext/parser
/usr/bin/ruby3.2 -I/usr/lib/ruby/vendor_ruby extconf.rb
checking for rb_enc_interned_str() in ruby.h... yes
checking for rb_hash_new_capa() in ruby.h... yes
checking for rb_hash_bulk_insert() in ruby.h... yes
checking for rb_category_warn() in ruby.h... yes
checking for strnlen() in string.h... yes
checking for whether -std=c99 is accepted as CFLAGS... yes
creating Makefile

current directory: /home/marcofaga/gitproj/marcofaga.github.io/vendor/bundle/ruby/3.2.0/gems/json-2.10.2/ext/json/ext/parser
make DESTDIR\= sitearchdir\=./.gem.20250415-8082-cgnk5h sitelibdir\=./.gem.20250415-8082-cgnk5h clean

current directory: /home/marcofaga/gitproj/marcofaga.github.io/vendor/bundle/ruby/3.2.0/gems/json-2.10.2/ext/json/ext/parser
make DESTDIR\= sitearchdir\=./.gem.20250415-8082-cgnk5h sitelibdir\=./.gem.20250415-8082-cgnk5h
compiling parser.c
linking shared-object json/ext/parser.so

current directory: /home/marcofaga/gitproj/marcofaga.github.io/vendor/bundle/ruby/3.2.0/gems/json-2.10.2/ext/json/ext/parser
make DESTDIR\= sitearchdir\=./.gem.20250415-8082-cgnk5h sitelibdir\=./.gem.20250415-8082-cgnk5h install
/usr/bin/install -c -m 0755 parser.so ./.gem.20250415-8082-cgnk5h/json/ext

current directory: /home/marcofaga/gitproj/marcofaga.github.io/vendor/bundle/ruby/3.2.0/gems/json-2.10.2/ext/json/ext/parser
make DESTDIR\= sitearchdir\=./.gem.20250415-8082-cgnk5h sitelibdir\=./.gem.20250415-8082-cgnk5h clean
